0 0
1 0
1 1
1 2
2 2
2 3
3 3
4 3
4 4
4 5
3 5
2 5
2 6
1 6
1 7
0 7
0 8
0 9
0 10
0 11
1 11
1 12
2 12
2 13
2 14
2 15
3 15
3 16
3 17
3 18
4 18
4 19
4 20
5 20
5 21
5 22
6 22
6 23
7 23
8 23
9 23
10 23
11 23
12 23
13 23
14 23
15 23
15 22
16 22
17 22
17 21
18 21
19 21
20 21
20 22
21 22
22 22
23 22
23 23
23 24
23 25
24 25
24 26
25 26
25 27
26 27
27 27
28 27
29 27
30 27
31 27
32 27
33 27
34 27
35 27
35 28
35 29
35 30
35 31
34 31
34 32
34 33
35 33
36 33
36 34
36 35
37 35
38 35
39 35
39 36
39 37
39 38
38 38
38 39
38 40
39 40
39 41
39 42
40 42
40 43
41 43
41 42
42 42
42 43
42 44
42 45
43 45
43 46
43 47
43 48
44 48
45 48
46 48
47 48
48 48
48 49
49 49
-1 -1
263814
