0 0
0 1
0 2
0 3
0 4
0 5
0 6
0 7
0 8
0 9
1 9
2 9
3 9
4 9
5 9
6 9
6 8
6 7
6 6
6 5
5 5
4 5
4 6
4 7
3 7
2 7
2 6
2 5
2 4
2 3
3 3
4 3
5 3
6 3
6 2
6 1
6 0
7 0
8 0
9 0
9 1
9 2
9 3
9 4
9 5
9 6
9 7
9 8
9 9
-1 -1
1019585
